{
  "version": "1.5.0",
  "plugins_used": [
    {
      "name": "ArtifactoryDetector"
    },
    {
      "name": "AWSKeyDetector"
    },
    {
      "name": "AzureStorageKeyDetector"
    },
    {
      "name": "Base64HighEntropyString",
      "limit": 4.5
    },
    {
      "name": "BasicAuthDetector"
    },
    {
      "name": "CloudantDetector"
    },
    {
      "name": "DiscordBotTokenDetector"
    },
    {
      "name": "GitHubTokenDetector"
    },
    {
      "name": "GitLabTokenDetector"
    },
    {
      "name": "HexHighEntropyString",
      "limit": 3.0
    },
    {
      "name": "IbmCloudIamDetector"
    },
    {
      "name": "IbmCosHmacDetector"
    },
    {
      "name": "IPPublicDetector"
    },
    {
      "name": "JwtTokenDetector"
    },
    {
      "name": "KeywordDetector",
      "keyword_exclude": ""
    },
    {
      "name": "MailchimpDetector"
    },
    {
      "name": "NpmDetector"
    },
    {
      "name": "OpenAIDetector"
    },
    {
      "name": "PrivateKeyDetector"
    },
    {
      "name": "PypiTokenDetector"
    },
    {
      "name": "SendGridDetector"
    },
    {
      "name": "SlackDetector"
    },
    {
      "name": "SoftlayerDetector"
    },
    {
      "name": "SquareOAuthDetector"
    },
    {
      "name": "StripeDetector"
    },
    {
      "name": "TelegramBotTokenDetector"
    },
    {
      "name": "TwilioKeyDetector"
    }
  ],
  "filters_used": [
    {
      "path": "detect_secrets.filters.allowlist.is_line_allowlisted"
    },
    {
      "path": "detect_secrets.filters.common.is_ignored_due_to_verification_policies",
      "min_level": 2
    },
    {
      "path": "detect_secrets.filters.heuristic.is_indirect_reference"
    },
    {
      "path": "detect_secrets.filters.heuristic.is_likely_id_string"
    },
    {
      "path": "detect_secrets.filters.heuristic.is_lock_file"
    },
    {
      "path": "detect_secrets.filters.heuristic.is_not_alphanumeric_string"
    },
    {
      "path": "detect_secrets.filters.heuristic.is_potential_uuid"
    },
    {
      "path": "detect_secrets.filters.heuristic.is_prefixed_with_dollar_sign"
    },
    {
      "path": "detect_secrets.filters.heuristic.is_sequential_string"
    },
    {
      "path": "detect_secrets.filters.heuristic.is_swagger_file"
    },
    {
      "path": "detect_secrets.filters.heuristic.is_templated_secret"
    }
  ],
  "results": {
    "API_REFERENCE_v1.md": [
      {
        "type": "Secret Keyword",
        "filename": "API_REFERENCE_v1.md",
        "hashed_secret": "e293b4b7286f9ab0b69bd3514166550296ff447d",
        "is_verified": false,
        "line_number": 705
      }
    ],
    "codegen/in/archive/openapi_1.0.0-beta6.json": [
      {
        "type": "AWS Access Key",
        "filename": "codegen/in/archive/openapi_1.0.0-beta6.json",
        "hashed_secret": "25910f981e85ca04baf359199dd0bd4a3ae738b6",
        "is_verified": false,
        "line_number": 1933
      },
      {
        "type": "Base64 High Entropy String",
        "filename": "codegen/in/archive/openapi_1.0.0-beta6.json",
        "hashed_secret": "d70eab08607a4d05faa2d0d6647206599e9abc65",
        "is_verified": false,
        "line_number": 1941
      }
    ],
    "src/aignostics/system/CLAUDE.md": [
      {
        "type": "Secret Keyword",
        "filename": "src/aignostics/system/CLAUDE.md",
        "hashed_secret": "7a9b93cfa651fbc2c93d88edea4d4fcfe33c0a0b",
        "is_verified": false,
        "line_number": 408
      }
    ],
    "tests/aignostics/platform/cli_test.py": [
      {
        "type": "Secret Keyword",
        "filename": "tests/aignostics/platform/cli_test.py",
        "hashed_secret": "29df282448b4af9264df96df0277fe51fa9d4815",
        "is_verified": false,
        "line_number": 108
      },
      {
        "type": "Secret Keyword",
        "filename": "tests/aignostics/platform/cli_test.py",
        "hashed_secret": "f91f60cacb9b7273cac50a240d666e4ab3ccba27",
        "is_verified": false,
        "line_number": 429
      }
    ]
  },
  "generated_at": "2025-10-08T20:59:25Z"
}
